[demo.w3layouts.com/demos_new/template_demo/25-10-2018/classwork_demo_Free/2103344796/web/index.html]
[backblue.gif]
[fade.gif]
[index.html]
[demo.w3layouts.com/demos_new/template_demo/25-10-2018/classwork_demo_Free/2103344796/web/css/bootstrap.min.css]
[demo.w3layouts.com/demos_new/template_demo/25-10-2018/classwork_demo_Free/2103344796/web/css/fontawesome-all.min.css]
[demo.w3layouts.com/demos_new/template_demo/25-10-2018/classwork_demo_Free/2103344796/web/css/blast.min.css]
[demo.w3layouts.com/demos_new/template_demo/25-10-2018/classwork_demo_Free/2103344796/web/css/style10.css]
[demo.w3layouts.com/demos_new/template_demo/25-10-2018/classwork_demo_Free/2103344796/web/css/style.css]
[ajax.googleapis.com/ajax/libs/jquery/1.10.2/jquery.min.js]
[m.servedby-buysellads.com/monetization.js]
[vdo.ai/core/w3layouts/vdo.ai.js]
[www.google-analytics.com/analytics.js]
[demo.w3layouts.com/demos_new/template_demo/25-10-2018/classwork_demo_Free/2103344796/web/images/ab1.jpg]
[demo.w3layouts.com/demos_new/template_demo/25-10-2018/classwork_demo_Free/2103344796/web/images/ab2.jpg]
[demo.w3layouts.com/demos_new/template_demo/25-10-2018/classwork_demo_Free/2103344796/web/images/ab3.jpg]
[demo.w3layouts.com/demos_new/template_demo/25-10-2018/classwork_demo_Free/2103344796/web/images/t1.jpg]
[demo.w3layouts.com/demos_new/template_demo/25-10-2018/classwork_demo_Free/2103344796/web/images/t2.jpg]
[demo.w3layouts.com/demos_new/template_demo/25-10-2018/classwork_demo_Free/2103344796/web/images/t3.jpg]
[demo.w3layouts.com/demos_new/template_demo/25-10-2018/classwork_demo_Free/2103344796/web/images/t4.jpg]
[demo.w3layouts.com/demos_new/template_demo/25-10-2018/classwork_demo_Free/2103344796/web/images/bb1.jpg]
[demo.w3layouts.com/demos_new/template_demo/25-10-2018/classwork_demo_Free/2103344796/web/images/bb2.jpg]
[demo.w3layouts.com/demos_new/template_demo/25-10-2018/classwork_demo_Free/2103344796/web/images/bb3.jpg]
[demo.w3layouts.com/demos_new/template_demo/25-10-2018/classwork_demo_Free/2103344796/web/images/f1.jpg]
[demo.w3layouts.com/demos_new/template_demo/25-10-2018/classwork_demo_Free/2103344796/web/images/f2.jpg]
[demo.w3layouts.com/demos_new/template_demo/25-10-2018/classwork_demo_Free/2103344796/web/images/f3.jpg]
[demo.w3layouts.com/demos_new/template_demo/25-10-2018/classwork_demo_Free/2103344796/web/images/b2.jpg]
[demo.w3layouts.com/demos_new/template_demo/25-10-2018/classwork_demo_Free/2103344796/web/js/jquery-2.2.3.min.js]
[demo.w3layouts.com/demos_new/template_demo/25-10-2018/classwork_demo_Free/2103344796/web/js/blast.min.js]
[demo.w3layouts.com/demos_new/template_demo/25-10-2018/classwork_demo_Free/2103344796/web/js/responsiveslides.min.js]
[demo.w3layouts.com/demos_new/template_demo/25-10-2018/classwork_demo_Free/2103344796/web/js/easy-responsive-tabs.js]
[demo.w3layouts.com/demos_new/template_demo/25-10-2018/classwork_demo_Free/2103344796/web/js/jquery.waypoints.min.js]
[demo.w3layouts.com/demos_new/template_demo/25-10-2018/classwork_demo_Free/2103344796/web/js/jquery.countup.js]
[demo.w3layouts.com/demos_new/template_demo/25-10-2018/classwork_demo_Free/2103344796/web/js/move-top.js]
[demo.w3layouts.com/demos_new/template_demo/25-10-2018/classwork_demo_Free/2103344796/web/js/easing.js]
[demo.w3layouts.com/demos_new/template_demo/25-10-2018/classwork_demo_Free/2103344796/web/index.html]
[demo.w3layouts.com/demos_new/template_demo/25-10-2018/classwork_demo_Free/2103344796/web/css/bootstrap.min.css]
[demo.w3layouts.com/demos_new/template_demo/25-10-2018/classwork_demo_Free/2103344796/web/js/bootstrap.min.js]
[demo.w3layouts.com/demos_new/template_demo/25-10-2018/classwork_demo_Free/2103344796/web/webfonts/fa-brands-400.eot]
[demo.w3layouts.com/demos_new/template_demo/25-10-2018/classwork_demo_Free/2103344796/web/webfonts/fa-brands-400d41d.eot]
[demo.w3layouts.com/demos_new/template_demo/25-10-2018/classwork_demo_Free/2103344796/web/webfonts/fa-brands-400.woff2]
[demo.w3layouts.com/demos_new/template_demo/25-10-2018/classwork_demo_Free/2103344796/web/webfonts/fa-brands-400.woff]
[demo.w3layouts.com/demos_new/template_demo/25-10-2018/classwork_demo_Free/2103344796/web/webfonts/fa-brands-400.ttf]
[demo.w3layouts.com/demos_new/template_demo/25-10-2018/classwork_demo_Free/2103344796/web/webfonts/fa-brands-400.svg]
[demo.w3layouts.com/demos_new/template_demo/25-10-2018/classwork_demo_Free/2103344796/web/webfonts/fa-regular-400.eot]
[demo.w3layouts.com/demos_new/template_demo/25-10-2018/classwork_demo_Free/2103344796/web/webfonts/fa-regular-400d41d.eot]
[demo.w3layouts.com/demos_new/template_demo/25-10-2018/classwork_demo_Free/2103344796/web/webfonts/fa-regular-400.woff2]
[demo.w3layouts.com/demos_new/template_demo/25-10-2018/classwork_demo_Free/2103344796/web/webfonts/fa-regular-400.woff]
[demo.w3layouts.com/demos_new/template_demo/25-10-2018/classwork_demo_Free/2103344796/web/webfonts/fa-regular-400.ttf]
[demo.w3layouts.com/demos_new/template_demo/25-10-2018/classwork_demo_Free/2103344796/web/webfonts/fa-regular-400.svg]
[demo.w3layouts.com/demos_new/template_demo/25-10-2018/classwork_demo_Free/2103344796/web/webfonts/fa-solid-900.eot]
[demo.w3layouts.com/demos_new/template_demo/25-10-2018/classwork_demo_Free/2103344796/web/webfonts/fa-solid-900d41d.eot]
[demo.w3layouts.com/demos_new/template_demo/25-10-2018/classwork_demo_Free/2103344796/web/webfonts/fa-solid-900.woff2]
[demo.w3layouts.com/demos_new/template_demo/25-10-2018/classwork_demo_Free/2103344796/web/webfonts/fa-solid-900.woff]
[demo.w3layouts.com/demos_new/template_demo/25-10-2018/classwork_demo_Free/2103344796/web/webfonts/fa-solid-900.ttf]
[demo.w3layouts.com/demos_new/template_demo/25-10-2018/classwork_demo_Free/2103344796/web/css/fontawesome-all.min.css]
[demo.w3layouts.com/demos_new/template_demo/25-10-2018/classwork_demo_Free/2103344796/web/css/blast.min.css]
[demo.w3layouts.com/demos_new/template_demo/25-10-2018/classwork_demo_Free/2103344796/web/css/style10.css]
[demo.w3layouts.com/demos_new/template_demo/25-10-2018/classwork_demo_Free/2103344796/web/images/b1.jpg]
[demo.w3layouts.com/demos_new/template_demo/25-10-2018/classwork_demo_Free/2103344796/web/webfonts/fa-solid-900.svg]
[demo.w3layouts.com/demos_new/template_demo/25-10-2018/classwork_demo_Free/2103344796/web/images/b3.jpg]
[demo.w3layouts.com/demos_new/template_demo/25-10-2018/classwork_demo_Free/2103344796/web/images/left-arrow.png]
[demo.w3layouts.com/demos_new/template_demo/25-10-2018/classwork_demo_Free/2103344796/web/images/right-arrow.png]
[demo.w3layouts.com/demos_new/template_demo/25-10-2018/classwork_demo_Free/2103344796/web/images/cc1.jpg]
[demo.w3layouts.com/demos_new/template_demo/25-10-2018/classwork_demo_Free/2103344796/web/images/arrow.png]
[demo.w3layouts.com/demos_new/template_demo/25-10-2018/classwork_demo_Free/2103344796/web/css/style.css]
[demo.w3layouts.com/demos_new/template_demo/25-10-2018/classwork_demo_Free/2103344796/web/webfonts/fa-brands-400.svg]
[demo.w3layouts.com/demos_new/template_demo/25-10-2018/classwork_demo_Free/2103344796/web/webfonts/fa-regular-400.svg]
[demo.w3layouts.com/demos_new/template_demo/25-10-2018/classwork_demo_Free/2103344796/web/webfonts/fa-solid-900.svg]
